---
source: crates/vexus-index/tests/parse_snapshots.rs
expression: "chunk_lines(&parse_fixture(\"python/sample.py\"))"
---
- "sym=Some(0) [1-2] tokens~10 :: import os⏎from utils.text import slugify⏎"
- "sym=Some(0) [5-5] tokens~3 :: TIMEOUT = 30⏎"
- "sym=Some(1) [8-10] tokens~15 :: def top_level(a, b):⏎    \"\"\"Adds.\"\"\"⏎    return helper(a) + b⏎"
- "sym=Some(2) [13-14] tokens~9 :: def helper(x):⏎    return slugify(x)⏎"
- "sym=Some(3) [17-22] tokens~18 :: class Greeter:⏎    def __init__(self, name):⏎    def greet(self, punct):⏎"
- "sym=Some(4) [18-19] tokens~13 ::     def __init__(self, name):⏎        self.name = name⏎"
- "sym=Some(5) [21-22] tokens~17 ::     def greet(self, punct):⏎        return f\"hi {self.name}{punct}\"⏎"
