---
source: crates/vexus-index/tests/parse_snapshots.rs
expression: symbol_lines(&idx)
---
- "module python.sample [1-23] arity=None parent=None sig=None"
- "function python.sample.top_level [9-11] arity=Some(2) parent=Some(0) sig=Some(\"def top_level(a, b):\")"
- "function python.sample.helper [14-15] arity=Some(1) parent=Some(0) sig=Some(\"def helper(x):\")"
- "class python.sample.Greeter [18-23] arity=None parent=Some(0) sig=Some(\"class Greeter:\")"
- "method python.sample.Greeter.__init__ [19-20] arity=Some(1) parent=Some(3) sig=Some(\"def __init__(self, name):\")"
- "method python.sample.Greeter.greet [22-23] arity=Some(1) parent=Some(3) sig=Some(\"def greet(self, punct):\")"
