---
source: crates/vexus-index/tests/parse_snapshots.rs
expression: "chunk_lines(&parse_fixture(\"lua/sample.lua\"))"
---
- "sym=Some(0) [1-1] tokens~7 :: local json = require(\"json\")⏎"
- "sym=Some(0) [3-3] tokens~3 :: local M = {}⏎"
- "sym=Some(0) [37-37] tokens~3 :: M.helpers = {⏎"
- "sym=Some(0) [43-43] tokens~2 :: return M⏎"
- "sym=Some(1) [5-8] tokens~25 :: -- Formats cents as dollars.⏎function M.format_cents(cents)⏎  return \"$\" .. tost"
- "sym=Some(2) [10-13] tokens~34 :: -- Renders one receipt line using the formatter.⏎function M.receipt_line(label, "
- "sym=Some(3) [15-17] tokens~16 :: function M:describe()⏎  return M.receipt_line(\"total\", 100)⏎end⏎"
- "sym=Some(4) [19-22] tokens~20 :: local function clamp(x, floor)⏎  if x < floor then return floor end⏎  return x⏎e"
- "sym=Some(5) [24-26] tokens~13 :: function standalone(a, b)⏎  return clamp(a, 0) + b⏎end⏎"
- "sym=Some(6) [28-31] tokens~30 :: -- Assigned function values index like `function M.name(...)` does.⏎M.round = fu"
- "sym=Some(7) [33-35] tokens~11 :: local double = function(x)⏎  return x * 2⏎end⏎"
- "sym=Some(8) [38-40] tokens~13 ::   triple = function(x)⏎    return double(x) * 3⏎  end,⏎"
