---
source: crates/vexus-index/tests/parse_snapshots.rs
expression: "chunk_lines(&parse_fixture(\"swift/sample.swift\"))"
---
- "sym=Some(0) [1-1] tokens~4 :: import Foundation⏎"
- "sym=Some(1) [3-6] tokens~3 :: struct Point {⏎"
- "sym=Some(2) [8-19] tokens~26 :: // One shopping cart.⏎class Cart {⏎    func total(tax: Int) -> Int {⏎    private"
- "sym=Some(3) [12-14] tokens~18 ::     func total(tax: Int) -> Int {⏎        return subtotal() + tax⏎    }⏎"
- "sym=Some(4) [16-18] tokens~19 ::     private func subtotal() -> Int {⏎        return items.reduce(0, +)⏎    }⏎"
- "sym=Some(5) [21-24] tokens~3 :: enum Color {⏎"
- "sym=Some(6) [26-28] tokens~12 :: protocol Renderer {⏎    func render() -> String⏎"
- "sym=Some(7) [27-27] tokens~7 ::     func render() -> String⏎"
- "sym=Some(8) [30-34] tokens~12 :: extension Cart {⏎    func describe() -> String {⏎"
- "sym=Some(9) [31-33] tokens~20 ::     func describe() -> String {⏎        return \"cart with \\(items.count)\"⏎    }⏎"
- "sym=Some(10) [36-38] tokens~17 :: func fetchTotal(cart: Cart) -> Int {⏎    return cart.total(tax: 5)⏎}⏎"
