---
source: crates/vexus-index/tests/parse_snapshots.rs
expression: "symbol_lines(&parse_fixture(\"javascript/sample.js\"))"
---
- "module javascript.sample [1-30] arity=None parent=None sig=None"
- "function javascript.sample.renderRow [4-6] arity=Some(2) parent=Some(0) sig=Some(\"function renderRow(item, index) {\")"
- "function javascript.sample.sumTotals [8-10] arity=Some(1) parent=Some(0) sig=Some(\"const sumTotals = (items) => {\")"
- "function javascript.sample.legacyHelper [12-14] arity=Some(1) parent=Some(0) sig=Some(\"const legacyHelper = function (x) {\")"
- "function javascript.sample.idGenerator [16-19] arity=Some(0) parent=Some(0) sig=Some(\"function* idGenerator() {\")"
- "class javascript.sample.Cart [21-30] arity=None parent=Some(0) sig=Some(\"class Cart {\")"
- "method javascript.sample.Cart.constructor [22-24] arity=Some(1) parent=Some(5) sig=Some(\"constructor(items) {\")"
- "method javascript.sample.Cart.total [27-29] arity=Some(0) parent=Some(5) sig=Some(\"total() {\")"
