---
source: crates/vexus-index/tests/parse_snapshots.rs
expression: "chunk_lines(&parse_fixture(\"python/sample.py\"))"
---
- "sym=Some(0) [1-5] tokens~14 :: import os⏎from utils.text import slugify⏎⏎⏎TIMEOUT = 30⏎"
- "sym=Some(1) [8-11] tokens~20 :: # Doubles then adds.⏎def top_level(a, b):⏎    \"\"\"Adds.\"\"\"⏎    return helper(a) +"
- "sym=Some(2) [14-15] tokens~9 :: def helper(x):⏎    return slugify(x)⏎"
- "sym=Some(3) [18-23] tokens~18 :: class Greeter:⏎    def __init__(self, name):⏎    def greet(self, punct):⏎"
- "sym=Some(4) [19-20] tokens~13 ::     def __init__(self, name):⏎        self.name = name⏎"
- "sym=Some(5) [22-23] tokens~17 ::     def greet(self, punct):⏎        return f\"hi {self.name}{punct}\"⏎"
