---
source: crates/vexus-index/tests/parse_snapshots.rs
expression: "symbol_lines(&parse_fixture(\"c_sharp/Sample.cs\"))"
---
- "module c_sharp.Sample [1-35] arity=None parent=None sig=None"
- "module c_sharp.Sample.Shop.Billing [4-4] arity=None parent=Some(0) sig=Some(\"namespace Shop.Billing;\")"
- "class c_sharp.Sample.Invoice [6-19] arity=None parent=Some(0) sig=Some(\"public class Invoice {\")"
- "method c_sharp.Sample.Invoice.Invoice [9-11] arity=Some(1) parent=Some(2) sig=Some(\"public Invoice(List<int> lines) {\")"
- "method c_sharp.Sample.Invoice.Total [14-16] arity=Some(1) parent=Some(2) sig=Some(\"public int Total(int taxCents) {\")"
- "method c_sharp.Sample.Invoice.Subtotal [18-18] arity=Some(0) parent=Some(2) sig=Some(\"static int Subtotal() => 41;\")"
- "interface c_sharp.Sample.IRenderable [21-23] arity=None parent=Some(0) sig=Some(\"public interface IRenderable {\")"
- "method c_sharp.Sample.IRenderable.Render [22-22] arity=Some(0) parent=Some(6) sig=Some(\"string Render();\")"
- "enum c_sharp.Sample.Status [25-28] arity=None parent=Some(0) sig=Some(\"public enum Status {\")"
- "class c_sharp.Sample.LineItem [30-30] arity=None parent=Some(0) sig=Some(\"public record LineItem(int Qty, int UnitCents);\")"
- "struct c_sharp.Sample.Pair [32-35] arity=None parent=Some(0) sig=Some(\"public struct Pair {\")"
