---
source: crates/vexus-index/tests/parse_snapshots.rs
expression: "chunk_lines(&parse_fixture(\"go/sample.go\"))"
---
- "sym=Some(0) [1-1] tokens~4 :: package inventory⏎"
- "sym=Some(0) [3-3] tokens~3 :: import \"fmt\"⏎"
- "sym=Some(1) [5-5] tokens~5 :: const MaxItems = 100⏎"
- "sym=Some(2) [7-11] tokens~12 :: // Item is one stocked product.⏎type Item struct {⏎"
- "sym=Some(3) [13-15] tokens~6 :: type Stocker interface {⏎"
- "sym=Some(4) [17-17] tokens~4 :: type Quantity int⏎"
- "sym=Some(5) [19-26] tokens~37 :: // Restock adds n units.⏎func (it *Item) Restock(n int) error {⏎\tif n <= 0 {⏎\t\tr"
- "sym=Some(6) [28-33] tokens~32 :: func Describe(it Item, verbose bool) string {⏎\tif verbose {⏎\t\treturn fmt.Sprintf"
