---
source: crates/vexus-index/tests/parse_snapshots.rs
expression: "chunk_lines(&parse_fixture(\"scala/sample.scala\"))"
---
- "sym=Some(0) [1-3] tokens~9 :: package shop⏎⏎import shop.util.Slug⏎"
- "sym=Some(1) [5-7] tokens~15 :: object Registry {⏎    def lookup(id: String): Int = id.length⏎"
- "sym=Some(2) [6-6] tokens~10 ::   def lookup(id: String): Int = id.length⏎"
- "sym=Some(3) [9-13] tokens~36 :: // One shopping cart.⏎class Cart(items: List[Int]) {⏎    def total(tax: Int): In"
- "sym=Some(4) [11-11] tokens~11 ::   def total(tax: Int): Int = subtotal() + tax⏎"
- "sym=Some(5) [12-12] tokens~10 ::   private def subtotal(): Int = items.sum⏎"
- "sym=Some(6) [15-17] tokens~10 :: trait Renderer {⏎    def render(): String⏎"
- "sym=Some(7) [16-16] tokens~5 ::   def render(): String⏎"
- "sym=Some(8) [19-19] tokens~6 :: case class Line(qty: Int)⏎"
- "sym=Some(9) [21-23] tokens~3 :: enum Color {⏎"
