---
source: crates/vexus-index/tests/parse_snapshots.rs
expression: "chunk_lines(&parse_fixture(\"typescript/sample.ts\"))"
---
- "sym=Some(0) [1-1] tokens~7 :: import { join } from \"path\";⏎"
- "sym=Some(0) [3-3] tokens~6 :: export const LIMIT = 10;⏎"
- "sym=Some(1) [5-8] tokens~33 :: // Fetches a user with retry.⏎export function fetchUser(id: string, retries: num"
- "sym=Some(2) [10-12] tokens~14 :: function load(id: string) {⏎  return join(\"users\", id);⏎}⏎"
- "sym=Some(3) [14-18] tokens~10 :: export class Repo {⏎    find(id: string) {⏎"
- "sym=Some(4) [15-17] tokens~11 ::   find(id: string) {⏎    return load(id);⏎  }⏎"
- "sym=Some(5) [20-22] tokens~5 :: interface Options {⏎"
