---
source: crates/vexus-index/tests/parse_snapshots.rs
expression: edge_lines(&idx)
---
- imports typescript.sample -> path arity=None
- calls typescript.sample.fetchUser -> withRetry arity=Some(2)
- calls typescript.sample.fetchUser -> load arity=Some(1)
- calls typescript.sample.load -> join arity=Some(2)
- calls typescript.sample.Repo.find -> load arity=Some(1)
- calls typescript.sample.readDataStream -> load arity=Some(1)
- calls typescript.sample.readDataStream -> String arity=Some(1)
- calls typescript.sample.compact -> filter arity=Some(1)
- calls typescript.sample.fetchUserArrow -> load arity=Some(1)
- calls typescript.sample.lookup -> load arity=Some(1)
- calls typescript.sample.find -> load arity=Some(1)
- calls typescript.sample.legacyLoad -> load arity=Some(1)
- calls typescript.sample.fetch -> fetchUser arity=Some(2)
- calls typescript.sample.compactAll -> compact arity=Some(1)
